name|date_of_birth
Ram|Jan 12, 2000
Akbar|Dec 1, 1999
David|May 12, 2001